################################################################################
#                                                                              #
#      IAR Universal Linker V6.3.4.78                                          #
#                                                                              #
#           Link time     =  20/Apr/2017  10:36:10                             #
#           Target CPU    =  MSP430                                            #
#           List file     =  D:\repozit\tolya\agro\Debug\List\agro.map         #
#           Output file 1 =  D:\repozit\tolya\agro\Debug\Exe\agro.txt          #
#                            Format: msp430_txt                                #
#           Command line  =  D:\repozit\tolya\agro\Debug\Obj\count.r43         #
#                            D:\repozit\tolya\agro\Debug\Obj\hw_init.r43       #
#                            D:\repozit\tolya\agro\Debug\Obj\main.r43          #
#                            D:\repozit\tolya\agro\Debug\Obj\work.r43 -o       #
#                            D:\repozit\tolya\agro\Debug\Exe\agro.txt          #
#                            -Fmsp430_txt -l                                   #
#                            D:\repozit\tolya\agro\Debug\List\agro.map -xms    #
#                            "-IC:\Program Files\IAR Systems\Embedded Workbenc #
#                            h 7.3\430\LIB\"                                   #
#                            -f                                                #
#                            "C:\Program Files\IAR Systems\Embedded Workbench  #
#                            7.3\430\config\linker\lnk430f5529.xcl"            #
#                            (-cmsp430 -D?CPU30_OFFSET=2 -QCODE_I=CODE_ID      #
#                            -QTLS16_I=TLS16_ID -D__iar_HWMUL=4C0              #
#                            -Z(CONST)INFO=1800-19FF                           #
#                            -Z(CONST)INFOA=1980-19FF                          #
#                            -Z(CONST)INFOB=1900-197F                          #
#                            -Z(CONST)INFOC=1880-18FF                          #
#                            -Z(CONST)INFOD=1800-187F                          #
#                            -Z(DATA)USBRAM=1C00-23FF                          #
#                            -Z(DATA)DATA16_I,DATA16_Z,DATA16_N,TLS16_I=2400-4 #
#                            3FF                                               #
#                            -Z(DATA)DATA16_HEAP+_DATA16_HEAP_SIZE             #
#                            -Z(DATA)CODE_I                                    #
#                            -Z(DATA)DATA20_I,DATA20_Z,DATA20_N,DATA20_HEAP+_D #
#                            ATA20_HEAP_SIZE                                   #
#                            -Z(DATA)CSTACK+_STACK_SIZE#                       #
#                            -Z(CONST)DATA16_C,DATA16_ID,TLS16_ID,DIFUNCT,CHEC #
#                            KSUM=4400-FF7F                                    #
#                            -Z(CODE)CSTART,ISR_CODE,CODE16=4400-FF7F          #
#                            -P(CODE)CODE=4400-FF7F,10000-243FF                #
#                            -Z(CONST)DATA20_C,DATA20_ID,CODE_ID=4400-FF7F,100 #
#                            40-243FF                                          #
#                            -Z(CODE)INTVEC=FF80-FFFF                          #
#                            -Z(CODE)RESET=FFFE-FFFF) -f                       #
#                            "C:\Program Files\IAR Systems\Embedded Workbench  #
#                            7.3\430\config\linker\multiplier32.xcl"           #
#                            (-e?Mul8Hw=?Mul8 -e?Mul16Hw=?Mul16                #
#                            -e?Mul16to32uHw=?Mul16to32u                       #
#                            -e?Mul16to32sHw=?Mul16to32s -e?Mul32Hw32=?Mul32   #
#                            -e?Mul64Hw32=_Mul64i                              #
#                            -e?Mul32u32uto64iHw32=_Mul32u32uto64i             #
#                            -e?Mul32fHw32=_Mul32f                             #
#                            -e_Mul64fHw32Ptr=_Mul64fPtr) -D_STACK_SIZE=A0     #
#                            "C:\Program Files\IAR Systems\Embedded Workbench  #
#                            7.3\430\lib\dlib\dl430xlsfn.r43"                  #
#                            -e_PrintfLarge=_Printf -e_ScanfLarge=_Scanf       #
#                            -D_DATA16_HEAP_SIZE=A0 -s __program_start         #
#                            -D_DATA20_HEAP_SIZE=50                            #
#                                                                              #
#                           Copyright (C) 1987-2015 IAR Systems AB.            #
################################################################################





                ****************************************
                *                                      *
                *           CROSS REFERENCE            *
                *                                      *
                ****************************************

       Program entry at :           4404  Relocatable, from module : ?cstart




                ****************************************
                *                                      *
                *            RUNTIME MODEL             *
                *                                      *
                ****************************************

  __Heap_Handler             = Basic
  __SystemLibrary            = DLib
  __code_model               = large
  __core                     = 430X
  __data_model               = small
  __dlib_file_descriptor     = 0
  __dlib_full_locale_support = 0
  __double_size              = 32
  __pic                      = no
  __reg_r4                   = free
  __reg_r5                   = free
  __rt_version               = 3

                ****************************************
                *                                      *
                *    AUTOMATIC SYMBOL REDIRECTIONS     *
                *                                      *
                ****************************************

                  There are no automatic symbol redirections.



                ****************************************
                *                                      *
                *              MODULE MAP              *
                *                                      *
                ****************************************


  DEFINED ABSOLUTE ENTRIES
    *************************************************************************

  DEFINED ABSOLUTE ENTRIES
  PROGRAM MODULE, NAME : ?ABS_ENTRY_MOD

Absolute parts
           ENTRY                   ADDRESS         REF BY
           =====                   =======         ======
           _DATA20_HEAP_SIZE       0050 
           _DATA16_HEAP_SIZE       00A0 
           _STACK_SIZE             00A0 
           __iar_HWMUL             04C0            ?Mul32fHw32 (?Mul32fHw32)
           ?CPU30_OFFSET           0002 
    *************************************************************************

  FILE NAME : D:\repozit\tolya\agro\Debug\Obj\count.r43
  PROGRAM MODULE, NAME : count

  SEGMENTS IN THE MODULE
  ======================
<CODE> 1 (was CODE)
  Relative segment, address: 48BA - 4929 (0x70 bytes), align: 1
  Segment part 2.
           ENTRY                   ADDRESS         REF BY
           =====                   =======         ======
           count_pulse             48BA            Port1_ISR (main)
               calls direct

    *************************************************************************

  FILE NAME : D:\repozit\tolya\agro\Debug\Obj\hw_init.r43
  PROGRAM MODULE, NAME : hw_init

  SEGMENTS IN THE MODULE
  ======================
DATA16_AN
  Relative segment, address: 0200 - 0201 (0x2 bytes), align: 0
  Segment part 1. ROOT        Intra module refs:   cntl_init
                                                   routine (work)
           ENTRY                   ADDRESS         REF BY
           =====                   =======         ======
           _A_PAIN_L               0200 
           LOCAL                   ADDRESS         
           =====                   =======         
           PAIN                    0200 
           PAIN_H                  0201 
           PAIN_L                  0200 
    -------------------------------------------------------------------------
DATA16_AN
  Relative segment, address: 0202 - 0203 (0x2 bytes), align: 0
  Segment part 2. ROOT        Intra module refs:   cntl_init
           ENTRY                   ADDRESS         REF BY
           =====                   =======         ======
           _A_PAOUT_L              0202 
           LOCAL                   ADDRESS         
           =====                   =======         
           PAOUT                   0202 
           PAOUT_H                 0203 
           PAOUT_L                 0202 
    -------------------------------------------------------------------------
DATA16_AN
  Relative segment, address: 0204 - 0205 (0x2 bytes), align: 0
  Segment part 3. ROOT        Intra module refs:   button_init
                                                   cntl_init
           ENTRY                   ADDRESS         REF BY
           =====                   =======         ======
           _A_PADIR_L              0204 
           LOCAL                   ADDRESS         
           =====                   =======         
           PADIR                   0204 
           PADIR_H                 0205 
           PADIR_L                 0204 
    -------------------------------------------------------------------------
DATA16_AN
  Relative segment, address: 0218 - 0219 (0x2 bytes), align: 0
  Segment part 4. ROOT        Intra module refs:   button_init
                                                   cntl_init
                                                   routine (work)
           ENTRY                   ADDRESS         REF BY
           =====                   =======         ======
           _A_PAIES_L              0218 
           LOCAL                   ADDRESS         
           =====                   =======         
           PAIES                   0218 
           PAIES_H                 0219 
           PAIES_L                 0218 
    -------------------------------------------------------------------------
DATA16_AN
  Relative segment, address: 021A - 021B (0x2 bytes), align: 0
  Segment part 5. ROOT        Intra module refs:   button_init
                                                   cntl_init
           ENTRY                   ADDRESS         REF BY
           =====                   =======         ======
           _A_PAIE_L               021A 
           LOCAL                   ADDRESS         
           =====                   =======         
           PAIE                    021A 
           PAIE_H                  021B 
           PAIE_L                  021A 
    -------------------------------------------------------------------------
DATA16_AN
  Relative segment, address: 021C - 021D (0x2 bytes), align: 0
  Segment part 6. ROOT        Intra module refs:   Port1_ISR (main)
                                                   Port2_ISR (main)
                                                   button_init
                                                   cntl_init
           ENTRY                   ADDRESS         REF BY
           =====                   =======         ======
           _A_PAIFG_L              021C 
           LOCAL                   ADDRESS         
           =====                   =======         
           PAIFG                   021C 
           PAIFG_H                 021D 
           PAIFG_L                 021C 
    -------------------------------------------------------------------------
DATA16_AN
  Relative segment, address: 0242 - 0243 (0x2 bytes), align: 0
  Segment part 7. ROOT        Intra module refs:   led_init
           ENTRY                   ADDRESS         REF BY
           =====                   =======         ======
           _A_PCOUT_L              0242 
           LOCAL                   ADDRESS         
           =====                   =======         
           PCOUT                   0242 
           PCOUT_H                 0243 
           PCOUT_L                 0242 
    -------------------------------------------------------------------------
DATA16_AN
  Relative segment, address: 0244 - 0245 (0x2 bytes), align: 0
  Segment part 8. ROOT        Intra module refs:   Port2_ISR (main)
                                                   led_init
           ENTRY                   ADDRESS         REF BY
           =====                   =======         ======
           _A_PCDIR_L              0244 
           LOCAL                   ADDRESS         
           =====                   =======         
           PCDIR                   0244 
           PCDIR_H                 0245 
           PCDIR_L                 0244 
    -------------------------------------------------------------------------
DATA16_AN
  Relative segment, address: 024A - 024B (0x2 bytes), align: 0
  Segment part 9. ROOT        Intra module refs:   init_mcu
           ENTRY                   ADDRESS         REF BY
           =====                   =======         ======
           _A_PCSEL_L              024A 
           LOCAL                   ADDRESS         
           =====                   =======         
           PCSEL                   024A 
           PCSEL_H                 024B 
           PCSEL_L                 024A 
    -------------------------------------------------------------------------
DATA16_AN
  Relative segment, address: 0262 - 0263 (0x2 bytes), align: 0
  Segment part 10. ROOT       Intra module refs:   Port2_ISR (main)
                                                   cntl_init
                                                   led_init
           ENTRY                   ADDRESS         REF BY
           =====                   =======         ======
           _A_PDOUT_L              0262 
           LOCAL                   ADDRESS         
           =====                   =======         
           PDOUT                   0262 
           PDOUT_H                 0263 
           PDOUT_L                 0262 
    -------------------------------------------------------------------------
DATA16_AN
  Relative segment, address: 0264 - 0265 (0x2 bytes), align: 0
  Segment part 11. ROOT       Intra module refs:   cntl_init
                                                   led_init
                                                   routine (work)
           ENTRY                   ADDRESS         REF BY
           =====                   =======         ======
           _A_PDDIR_L              0264 
           LOCAL                   ADDRESS         
           =====                   =======         
           PDDIR                   0264 
           PDDIR_H                 0265 
           PDDIR_L                 0264 
    -------------------------------------------------------------------------
DATA16_AN
  Relative segment, address: 0102 - 0103 (0x2 bytes), align: 0
  Segment part 12. ROOT       Intra module refs:   init_mcu
           ENTRY                   ADDRESS         REF BY
           =====                   =======         ======
           _A_SFRIFG1_L            0102 
           LOCAL                   ADDRESS         
           =====                   =======         
           SFRIFG1                 0102 
           SFRIFG1_H               0103 
           SFRIFG1_L               0102 
    -------------------------------------------------------------------------
DATA16_AN
  Relative segment, address: 0340 - 0341 (0x2 bytes), align: 0
  Segment part 13. ROOT       Intra module refs:   timera_init
           ENTRY                   ADDRESS         REF BY
           =====                   =======         ======
           TA0CTL                  0340 
    -------------------------------------------------------------------------
DATA16_AN
  Relative segment, address: 0352 - 0353 (0x2 bytes), align: 0
  Segment part 14. ROOT       Intra module refs:   Port1_ISR (main)
                                                   timera_init
           ENTRY                   ADDRESS         REF BY
           =====                   =======         ======
           TA0CCR0                 0352 
    -------------------------------------------------------------------------
DATA16_AN
  Relative segment, address: 03C0 - 03C1 (0x2 bytes), align: 0
  Segment part 15. ROOT       Intra module refs:   timerb_init
                                                   timerb_start
                                                   timerb_stop
           ENTRY                   ADDRESS         REF BY
           =====                   =======         ======
           TB0CTL                  03C0 
    -------------------------------------------------------------------------
DATA16_AN
  Relative segment, address: 03C8 - 03C9 (0x2 bytes), align: 0
  Segment part 16. ROOT       Intra module refs:   timerb_init
           ENTRY                   ADDRESS         REF BY
           =====                   =======         ======
           TB0CCTL3                03C8 
    -------------------------------------------------------------------------
DATA16_AN
  Relative segment, address: 03CA - 03CB (0x2 bytes), align: 0
  Segment part 17. ROOT       Intra module refs:   timerb_init
           ENTRY                   ADDRESS         REF BY
           =====                   =======         ======
           TB0CCTL4                03CA 
    -------------------------------------------------------------------------
DATA16_AN
  Relative segment, address: 03D0 - 03D1 (0x2 bytes), align: 0
  Segment part 18. ROOT       Intra module refs:   set_timer_b
           ENTRY                   ADDRESS         REF BY
           =====                   =======         ======
           TB0R                    03D0 
    -------------------------------------------------------------------------
DATA16_AN
  Relative segment, address: 03D2 - 03D3 (0x2 bytes), align: 0
  Segment part 19. ROOT       Intra module refs:   set_timer_b
           ENTRY                   ADDRESS         REF BY
           =====                   =======         ======
           TB0CCR0                 03D2 
    -------------------------------------------------------------------------
DATA16_AN
  Relative segment, address: 03D8 - 03D9 (0x2 bytes), align: 0
  Segment part 20. ROOT       Intra module refs:   set_timer_b
           ENTRY                   ADDRESS         REF BY
           =====                   =======         ======
           TB0CCR3                 03D8 
    -------------------------------------------------------------------------
DATA16_AN
  Relative segment, address: 03DA - 03DB (0x2 bytes), align: 0
  Segment part 21. ROOT       Intra module refs:   set_timer_b
           ENTRY                   ADDRESS         REF BY
           =====                   =======         ======
           TB0CCR4                 03DA 
    -------------------------------------------------------------------------
DATA16_AN
  Relative segment, address: 0166 - 0167 (0x2 bytes), align: 0
  Segment part 22. ROOT       Intra module refs:   init_mcu
           ENTRY                   ADDRESS         REF BY
           =====                   =======         ======
           _A_UCSCTL3_L            0166 
           LOCAL                   ADDRESS         
           =====                   =======         
           UCSCTL3                 0166 
           UCSCTL3_H               0167 
           UCSCTL3_L               0166 
    -------------------------------------------------------------------------
DATA16_AN
  Relative segment, address: 0168 - 0169 (0x2 bytes), align: 0
  Segment part 23. ROOT       Intra module refs:   init_mcu
           ENTRY                   ADDRESS         REF BY
           =====                   =======         ======
           _A_UCSCTL4_L            0168 
           LOCAL                   ADDRESS         
           =====                   =======         
           UCSCTL4                 0168 
           UCSCTL4_H               0169 
           UCSCTL4_L               0168 
    -------------------------------------------------------------------------
DATA16_AN
  Relative segment, address: 016E - 016F (0x2 bytes), align: 0
  Segment part 24. ROOT       Intra module refs:   init_mcu
           ENTRY                   ADDRESS         REF BY
           =====                   =======         ======
           _A_UCSCTL7_L            016E 
           LOCAL                   ADDRESS         
           =====                   =======         
           UCSCTL7                 016E 
           UCSCTL7_H               016F 
           UCSCTL7_L               016E 
    -------------------------------------------------------------------------
<CODE> 1 (was CODE)
  Relative segment, address: 4A82 - 4A93 (0x12 bytes), align: 1
  Segment part 26.            Intra module refs:   init_mcu
           ENTRY                   ADDRESS         REF BY
           =====                   =======         ======
           button_init             4A82 
    -------------------------------------------------------------------------
<CODE> 1 (was CODE)
  Relative segment, address: 492A - 498B (0x62 bytes), align: 1
  Segment part 28.            Intra module refs:   init_mcu
           ENTRY                   ADDRESS         REF BY
           =====                   =======         ======
           cntl_init               492A 
               calls direct
    -------------------------------------------------------------------------
<CODE> 1 (was CODE)
  Relative segment, address: 4A3C - 4A57 (0x1c bytes), align: 1
  Segment part 27.            Intra module refs:   cntl_init
           ENTRY                   ADDRESS         REF BY
           =====                   =======         ======
           led_init                4A3C 
    -------------------------------------------------------------------------
<CODE> 1 (was CODE)
  Relative segment, address: 4A18 - 4A3B (0x24 bytes), align: 1
  Segment part 30.            Intra module refs:   init_mcu
           ENTRY                   ADDRESS         REF BY
           =====                   =======         ======
           timerb_init             4A18 
               calls direct
    -------------------------------------------------------------------------
<CODE> 1 (was CODE)
  Relative segment, address: 4A70 - 4A81 (0x12 bytes), align: 1
  Segment part 29.            Intra module refs:   timerb_init
           ENTRY                   ADDRESS         REF BY
           =====                   =======         ======
           set_timer_b             4A70 
    -------------------------------------------------------------------------
<CODE> 1 (was CODE)
  Relative segment, address: 4ADE - 4AE5 (0x8 bytes), align: 1
  Segment part 31.            Intra module refs:   init_mcu
           ENTRY                   ADDRESS         REF BY
           =====                   =======         ======
           timerb_stop             4ADE            Port2_ISR (main)
    -------------------------------------------------------------------------
<CODE> 1 (was CODE)
  Relative segment, address: 4AD6 - 4ADD (0x8 bytes), align: 1
  Segment part 32.
           ENTRY                   ADDRESS         REF BY
           =====                   =======         ======
           timerb_start            4AD6            Port2_ISR (main)
    -------------------------------------------------------------------------
<CODE> 1 (was CODE)
  Relative segment, address: 4AC8 - 4AD5 (0xe bytes), align: 1
  Segment part 33.            Intra module refs:   init_mcu
           ENTRY                   ADDRESS         REF BY
           =====                   =======         ======
           timera_init             4AC8 
    -------------------------------------------------------------------------
<CODE> 1 (was CODE)
  Relative segment, address: 498C - 49DB (0x50 bytes), align: 1
  Segment part 34.
           ENTRY                   ADDRESS         REF BY
           =====                   =======         ======
           init_mcu                498C            main (main)
               calls direct

    *************************************************************************

  FILE NAME : D:\repozit\tolya\agro\Debug\Obj\main.r43
  PROGRAM MODULE, NAME : main

  SEGMENTS IN THE MODULE
  ======================
DATA16_AN
  Relative segment, address: 0354 - 0355 (0x2 bytes), align: 0
  Segment part 5. ROOT        Intra module refs:   Port1_ISR
           ENTRY                   ADDRESS         REF BY
           =====                   =======         ======
           TA0CCR1                 0354 
    -------------------------------------------------------------------------
DATA16_AN
  Relative segment, address: 015C - 015D (0x2 bytes), align: 0
  Segment part 6. ROOT        Intra module refs:   main
           ENTRY                   ADDRESS         REF BY
           =====                   =======         ======
           _A_WDTCTL_L             015C 
           LOCAL                   ADDRESS         
           =====                   =======         
           WDTCTL                  015C 
           WDTCTL_H                015D 
           WDTCTL_L                015C 
    -------------------------------------------------------------------------
DATA16_Z
  Relative segment, address: 240E - 240E (0x1 bytes), align: 0
  Segment part 11.            Intra module refs:   Port1_ISR
                                                   Port2_ISR
           ENTRY                   ADDRESS         REF BY
           =====                   =======         ======
           k_d                     240E 
    -------------------------------------------------------------------------
DATA16_Z
  Relative segment, address: 240F - 240F (0x1 bytes), align: 0
  Segment part 12.            Intra module refs:   Port1_ISR
           ENTRY                   ADDRESS         REF BY
           =====                   =======         ======
           k_v                     240F            cntl_init (hw_init)
                                                   routine (work)
    -------------------------------------------------------------------------
DATA16_Z
  Relative segment, address: 2404 - 2405 (0x2 bytes), align: 1
  Segment part 13.            Intra module refs:   Port1_ISR
           ENTRY                   ADDRESS         REF BY
           =====                   =======         ======
           hall_freq               2404 
    -------------------------------------------------------------------------
DATA16_I
  Relative segment, address: 2400 - 2403 (0x4 bytes), align: 1
  Segment part 14.            Intra module refs:   Port1_ISR
           ENTRY                   ADDRESS         REF BY
           =====                   =======         ======
           fuel_freq               2400 
    -------------------------------------------------------------------------
DATA16_Z
  Relative segment, address: 2406 - 2409 (0x4 bytes), align: 1
  Segment part 16.            Intra module refs:   Port1_ISR
           ENTRY                   ADDRESS         REF BY
           =====                   =======         ======
           period                  2406 
    -------------------------------------------------------------------------
DATA16_Z
  Relative segment, address: 240A - 240B (0x2 bytes), align: 1
  Segment part 17.            Intra module refs:   Port1_ISR
           ENTRY                   ADDRESS         REF BY
           =====                   =======         ======
           prev_hall_val           240A 
    -------------------------------------------------------------------------
DATA16_Z
  Relative segment, address: 240C - 240D (0x2 bytes), align: 1
  Segment part 18.            Intra module refs:   Port1_ISR
           ENTRY                   ADDRESS         REF BY
           =====                   =======         ======
           prev_fuel_val           240C 
    -------------------------------------------------------------------------
<CODE> 1 (was CODE)
  Relative segment, address: 4AA6 - 4AB7 (0x12 bytes), align: 1
  Segment part 19.
           ENTRY                   ADDRESS         REF BY
           =====                   =======         ======
           main                    4AA6            Segment part 26 (?cstart)
               calls direct
    -------------------------------------------------------------------------
ISR_CODE
  Relative segment, address: 442C - 451D (0xf2 bytes), align: 1
  Segment part 20.            Intra module refs:   Port2_ISR::??INTVEC 84
           ENTRY                   ADDRESS         REF BY
           =====                   =======         ======
           Port2_ISR               442C 
               interrupt function
               calls direct
    -------------------------------------------------------------------------
ISR_CODE
  Relative segment, address: 451E - 45DF (0xc2 bytes), align: 1
  Segment part 21.            Intra module refs:   Port1_ISR::??INTVEC 94
           ENTRY                   ADDRESS         REF BY
           =====                   =======         ======
           Port1_ISR               451E 
               interrupt function
               calls direct
    -------------------------------------------------------------------------
ISR_CODE
  Relative segment, address: 45E0 - 45E1 (0x2 bytes), align: 1
  Segment part 22.            Intra module refs:   TimerA_ISR::??INTVEC 104
           ENTRY                   ADDRESS         REF BY
           =====                   =======         ======
           TimerA_ISR              45E0 
               interrupt function
    -------------------------------------------------------------------------
INTVEC
  Common segment, address: FF80 - FFD5 (0x56 bytes), align: 1
  Segment part 7. ROOT 
           ENTRY                   ADDRESS         REF BY
           =====                   =======         ======
           Port2_ISR::??INTVEC 84
                                   FFD4 
    -------------------------------------------------------------------------
INTVEC
  Common segment, address: FF80 - FFDF (0x60 bytes), align: 1
  Segment part 8. ROOT 
           ENTRY                   ADDRESS         REF BY
           =====                   =======         ======
           Port1_ISR::??INTVEC 94
                                   FFDE 
    -------------------------------------------------------------------------
INTVEC
  Common segment, address: FF80 - FFE9 (0x6a bytes), align: 1
  Segment part 9. ROOT 
           ENTRY                   ADDRESS         REF BY
           =====                   =======         ======
           TimerA_ISR::??INTVEC 104
                                   FFE8 
    -------------------------------------------------------------------------
DATA16_ID
  Relative segment, address: 4400 - 4403 (0x4 bytes), align: 1
  Segment part 15.            Intra module refs:   fuel_freq

    *************************************************************************

  FILE NAME : D:\repozit\tolya\agro\Debug\Obj\work.r43
  PROGRAM MODULE, NAME : work

  SEGMENTS IN THE MODULE
  ======================
<CODE> 1 (was CODE)
  Relative segment, address: 49DC - 4A17 (0x3c bytes), align: 1
  Segment part 5.
           ENTRY                   ADDRESS         REF BY
           =====                   =======         ======
           routine                 49DC            main (main)

    *************************************************************************

  FILE NAME : C:\Program Files\IAR Systems\Embedded Workbench 7.3\430\lib\dlib\dl430xlsfn.r43
  LIBRARY MODULE, NAME : ?_exit

  SEGMENTS IN THE MODULE
  ======================
<CODE> 1 (was CODE)
  Relative segment, address: 4AE6, align: 1
  Segment part 0.
           ENTRY                   ADDRESS         REF BY
           =====                   =======         ======
           _exit                   4AE6            exit (?exit)
    -------------------------------------------------------------------------
<CODE> 1 (was CODE)
  Relative segment, address: 4AE6 - 4AE9 (0x4 bytes), align: 1
  Segment part 6.             Intra module refs:   _exit

    -------------------------------------------------------------------------
  LIBRARY MODULE, NAME : ?cstart

  SEGMENTS IN THE MODULE
  ======================
CSTACK
  Relative segment, address: 4360, align: 1
  Segment part 1.
    -------------------------------------------------------------------------
DATA16_Z
  Relative segment, address: 240E, align: 1
  Segment part 2.
    -------------------------------------------------------------------------
DATA16_I
  Relative segment, address: 2404, align: 1
  Segment part 3.
    -------------------------------------------------------------------------
DATA16_ID
  Relative segment, address: 4404, align: 1
  Segment part 4.
    -------------------------------------------------------------------------
CODE_I
  Relative segment, address: 2410, align: 1
  Segment part 5.
    -------------------------------------------------------------------------
CODE_ID
  Relative segment, address: 4AF6, align: 1
  Segment part 6.
    -------------------------------------------------------------------------
DATA20_Z
  Relative segment, address: 2410, align: 1
  Segment part 7.
    -------------------------------------------------------------------------
DATA20_I
  Relative segment, address: 2410, align: 1
  Segment part 8.
    -------------------------------------------------------------------------
DATA20_ID
  Relative segment, address: 4AF6, align: 1
  Segment part 9.
    -------------------------------------------------------------------------
DATA20_C
  Relative segment, address: 4AF6, align: 1
  Segment part 10.
    -------------------------------------------------------------------------
DATA20_N
  Relative segment, address: 2410, align: 1
  Segment part 12.
    -------------------------------------------------------------------------
CSTART
  Relative segment, address: 4404 - 4407 (0x4 bytes), align: 1
  Segment part 15.
           ENTRY                   ADDRESS         REF BY
           =====                   =======         ======
           __program_start         4404            ?reset_vector (?reset_vector)
                                                   Absolute parts (?ABS_ENTRY_MOD)
           ?cstart_begin           4404 
    -------------------------------------------------------------------------
CSTART
  Relative segment, address: 4408 - 4413 (0xc bytes), align: 1
  Segment part 19.
           ENTRY                   ADDRESS         REF BY
           =====                   =======         ======
           ?cstart_init_zero       4408            hall_freq (main)
                                                   k_d (main)
                                                   k_v (main)
                                                   period (main)
                                                   prev_fuel_val (main)
                                                   prev_hall_val (main)
    -------------------------------------------------------------------------
CSTART
  Relative segment, address: 4414 - 4423 (0x10 bytes), align: 1
  Segment part 20.
           ENTRY                   ADDRESS         REF BY
           =====                   =======         ======
           ?cstart_init_copy       4414            fuel_freq (main)
    -------------------------------------------------------------------------
CSTART
  Relative segment, address: 4424 - 442B (0x8 bytes), align: 1
  Segment part 26.            Intra module refs:   Segment part 15
           ENTRY                   ADDRESS         REF BY
           =====                   =======         ======
           ?cstart_call_main       4424 
           ?cstart_end             442C 
    -------------------------------------------------------------------------
CODE_ID
  Relative segment, address: 4AF6, align: 1
  Segment part 27.            Intra module refs:   Segment part 5

    -------------------------------------------------------------------------
  LIBRARY MODULE, NAME : ?reset_vector

  SEGMENTS IN THE MODULE
  ======================
RESET
  Relative segment, address: FFFE - FFFF (0x2 bytes), align: 1
  Segment part 0.
           ENTRY                   ADDRESS         REF BY
           =====                   =======         ======
           ?reset_vector           FFFE            Segment part 15 (?cstart)

    -------------------------------------------------------------------------
  LIBRARY MODULE, NAME : ?exit

  SEGMENTS IN THE MODULE
  ======================
<CODE> 1 (was CODE)
  Relative segment, address: 4AF2 - 4AF5 (0x4 bytes), align: 1
  Segment part 2.
           ENTRY                   ADDRESS         REF BY
           =====                   =======         ======
           exit                    4AF2            Segment part 26 (?cstart)
               calls direct

    -------------------------------------------------------------------------
  LIBRARY MODULE, NAME : ?Mul32fHw32

  SEGMENTS IN THE MODULE
  ======================
<CODE> 1 (was CODE)
  Relative segment, address: 4712 - 4827 (0x116 bytes), align: 1
  Segment part 0.
           ENTRY                   ADDRESS         REF BY
           =====                   =======         ======
           ?Mul32fHw32             4712            count_pulse (count)

    -------------------------------------------------------------------------
  LIBRARY MODULE, NAME : ?Cast32f32i

  SEGMENTS IN THE MODULE
  ======================
<CODE> 1 (was CODE)
  Relative segment, address: 4828 - 483B (0x14 bytes), align: 1
  Segment part 0.
           ENTRY                   ADDRESS         REF BY
           =====                   =======         ======
           _Cast32sto32f           4828            count_pulse (count)
    -------------------------------------------------------------------------
<CODE> 1 (was CODE)
  Relative segment, address: 483C - 48B9 (0x7e bytes), align: 1
  Segment part 1.             Intra module refs:   _Cast32sto32f
           ENTRY                   ADDRESS         REF BY
           =====                   =======         ======
           _Cast32uto32f           483C            Port1_ISR (main)
                                                   count_pulse (count)

    -------------------------------------------------------------------------
  LIBRARY MODULE, NAME : _Div32f

  SEGMENTS IN THE MODULE
  ======================
<CODE> 1 (was CODE)
  Relative segment, address: 45E2 - 4711 (0x130 bytes), align: 1
  Segment part 0.
           ENTRY                   ADDRESS         REF BY
           =====                   =======         ======
           _Div32f                 45E2            Port1_ISR (main)
                                                   count_pulse (count)

    -------------------------------------------------------------------------
  LIBRARY MODULE, NAME : ?DivMod816u

  SEGMENTS IN THE MODULE
  ======================
<CODE> 1 (was CODE)
  Relative segment, address: 4A58 - 4A6F (0x18 bytes), align: 1
  Segment part 1.
           ENTRY                   ADDRESS         REF BY
           =====                   =======         ======
           ?DivMod16u              4A58            Port1_ISR (main)

    -------------------------------------------------------------------------
  LIBRARY MODULE, NAME : ?memcpy

  SEGMENTS IN THE MODULE
  ======================
<CODE> 1 (was CODE)
  Relative segment, address: 4A94 - 4AA5 (0x12 bytes), align: 1
  Segment part 2.
           ENTRY                   ADDRESS         REF BY
           =====                   =======         ======
           memcpy                  4A94            __data16_memcpy (?memzero)

    -------------------------------------------------------------------------
  LIBRARY MODULE, NAME : ?memzero

  SEGMENTS IN THE MODULE
  ======================
<CODE> 1 (was CODE)
  Relative segment, address: 4AB8 - 4AC7 (0x10 bytes), align: 1
  Segment part 2.
           ENTRY                   ADDRESS         REF BY
           =====                   =======         ======
           __data16_memzero        4AB8            ?cstart_init_zero (?cstart)
    -------------------------------------------------------------------------
<CODE> 1 (was CODE)
  Relative segment, address: 4AEA - 4AED (0x4 bytes), align: 1
  Segment part 3.
           ENTRY                   ADDRESS         REF BY
           =====                   =======         ======
           __data16_memcpy         4AEA            ?cstart_init_copy (?cstart)
               calls direct

    -------------------------------------------------------------------------
  LIBRARY MODULE, NAME : ?__exit

  SEGMENTS IN THE MODULE
  ======================
<CODE> 1 (was CODE)
  Relative segment, address: 4AEE - 4AF1 (0x4 bytes), align: 1
  Segment part 2.
           ENTRY                   ADDRESS         REF BY
           =====                   =======         ======
           __exit                  4AEE            Segment part 6 (?_exit)
                                                   _exit (?_exit)




                ****************************************
                *                                      *
                *      SEGMENTS IN ADDRESS ORDER       *
                *                                      *
                ****************************************


SEGMENT              SPACE    START ADDRESS   END ADDRESS     SIZE  TYPE  ALIGN
=======              =====    =============   ===========     ====  ====  =====
DATA16_AN                              0102 - 0103               2   rel    0
                                       015C - 015D               2 
                                       0166 - 0169               4 
                                       016E - 016F               2 
                                       0200 - 0205               6 
                                       0218 - 021D               6 
                                       0242 - 0245               4 
                                       024A - 024B               2 
                                       0262 - 0265               4 
                                       0340 - 0341               2 
                                       0352 - 0355               4 
                                       03C0 - 03C1               2 
                                       03C8 - 03CB               4 
                                       03D0 - 03D3               4 
                                       03D8 - 03DB               4 
DATA16_I                               2400 - 2403               4   rel    1
DATA16_Z                               2404 - 240F               C   rel    1
CODE_I                                    2410                       rel    1
DATA20_Z                                  2410                       rel    1
DATA20_N                                  2410                       rel    1
DATA20_I                                  2410                       rel    1
CSTACK                                 4360 - 43FF              A0   rel    1
DATA16_C                                  4400                       dse    0
DATA16_ID                              4400 - 4403               4   rel    1
CSTART                                 4404 - 442B              28   rel    1
ISR_CODE                               442C - 45E1             1B6   rel    1
<CODE> 1                               45E2 - 4AF5             514   rel    1
DATA20_C                                  4AF6                       rel    1
CODE_ID                                   4AF6                       rel    1
DATA20_ID                                 4AF6                       rel    1
INTVEC                                 FF80 - FFE9              6A   com    1
RESET                                  FFFE - FFFF               2   rel    1

                ****************************************
                *                                      *
                *        END OF CROSS REFERENCE        *
                *                                      *
                ****************************************

 1 886 bytes of CODE  memory
   176 bytes of DATA  memory (+ 52 absolute )
     4 bytes of CONST memory

Errors: none
Warnings: none

